// Jest Snapshot v1, https://goo.gl/fbAQLP

exports[`<App /> should render and match the snapshot 1`] = `
<div
  className="container"
>
  <Switch>
    <Route
      component={
        Object {
          "$$typeof": Symbol(react.memo),
          "WrappedComponent": [Function],
          "compare": null,
          "displayName": "Connect(Home)",
          "type": [Function],
        }
      }
      exact={true}
      path="/"
    />
    <Route
      component={[Function]}
    />
  </Switch>
  <GlobalStyleComponent />
</div>
`;
